]0;~/Desktop/website[?1034hKamils-MacBook-Pro:website kamil$ [KKamils-MacBook-Pro:website kamil$ cd`[K~/wesbite/public
bash: cd~/wesbite/public: No such file or directory
]0;~/Desktop/websiteKamils-MacBook-Pro:website kamil$ git init #initialize local git respository
Initialized empty Git repository in /Users/kamil/Desktop/website/.git/
]0;~/Desktop/websiteKamils-MacBook-Pro:website kamil$ 
]0;~/Desktop/websiteKamils-MacBook-Pro:website kamil$ git add . #add all files in repository to be uploaded
]0;~/Desktop/websiteKamils-MacBook-Pro:website kamil$ 
]0;~/Desktop/websiteKamils-MacBook-Pro:website kamil$ git commit -m "first website commit"
[master (root-commit) 02b6ecd] first website commit
 Committer: Kamil Riaz <kamil@Kamils-MacBook-Pro.local>
Your name and email address were configured automatically based
on your username and hostname. Please check that they are accurate.
You can suppress this message by setting them explicitly. Run the
following command and follow the instructions in your editor to edit
your configuration file:

    git config --global --edit

After doing this, you may fix the identity used for this commit with:

    git commit --amend --reset-author

 135 files changed, 17589 insertions(+)
 create mode 100644 .DS_Store
 create mode 100644 .Rproj.user/3026252D/build_options
 create mode 100644 .Rproj.user/3026252D/console06/D941D40C
 create mode 100644 .Rproj.user/3026252D/console06/D941D40C.env
 create mode 100644 .Rproj.user/3026252D/console06/INDEX001
 create mode 100644 .Rproj.user/3026252D/sources/prop/2066FAB
 create mode 100644 .Rproj.user/3026252D/sources/prop/44EAD314
 create mode 100644 .Rproj.user/3026252D/sources/prop/71EEDDCE
 create mode 100644 .Rproj.user/3026252D/sources/prop/77D0409F
 create mode 100644 .Rproj.user/3026252D/sources/prop/781EB35B
 create mode 100644 .Rproj.user/3026252D/sources/prop/7F20D414
 create mode 100644 .Rproj.user/3026252D/sources/prop/98488A6A
 create mode 100644 .Rproj.user/3026252D/sources/prop/A3EC43AA
 create mode 100644 .Rproj.user/3026252D/sources/prop/A43C0608
 create mode 100644 .Rproj.user/3026252D/sources/prop/D85DE458
 create mode 100644 .Rproj.user/3026252D/sources/prop/E7061F48
 create mode 100644 .Rproj.user/3026252D/sources/prop/F133F0DA
 create mode 100644 .Rproj.user/3026252D/sources/prop/FD231454
 create mode 100644 .Rproj.user/3026252D/sources/prop/INDEX
 create mode 100644 .Rproj.user/3026252D/sources/s-4409F63C/2F8981C0
 create mode 100644 .Rproj.user/3026252D/sources/s-4409F63C/2F8981C0-contents
 create mode 100644 .Rproj.user/3026252D/sources/s-4409F63C/4B541EB1-contents
 create mode 100644 .Rproj.user/3026252D/sources/s-4409F63C/4E5EB63D-contents
 create mode 100644 .Rproj.user/3026252D/sources/s-4409F63C/5B36BC27-contents
 create mode 100644 .Rproj.user/3026252D/sources/s-4409F63C/86ED0914-contents
 create mode 100644 .Rproj.user/3026252D/sources/s-4409F63C/89407453
 create mode 100644 .Rproj.user/3026252D/sources/s-4409F63C/89407453-contents
 create mode 100644 .Rproj.user/3026252D/sources/s-4409F63C/99F2AD46
 create mode 100644 .Rproj.user/3026252D/sources/s-4409F63C/99F2AD46-contents
 create mode 100644 .Rproj.user/3026252D/sources/s-4409F63C/A351C67C
 create mode 100644 .Rproj.user/3026252D/sources/s-4409F63C/A351C67C-contents
 create mode 100644 .Rproj.user/3026252D/sources/s-4409F63C/A3BE685F-contents
 create mode 100644 .Rproj.user/3026252D/sources/s-4409F63C/AF79495E
 create mode 100644 .Rproj.user/3026252D/sources/s-4409F63C/AF79495E-contents
 create mode 100644 .Rproj.user/3026252D/sources/s-4409F63C/C72281FA
 create mode 100644 .Rproj.user/3026252D/sources/s-4409F63C/C72281FA-contents
 create mode 100644 .Rproj.user/3026252D/sources/s-4409F63C/D1E4B17B-contents
 create mode 100644 .Rproj.user/3026252D/sources/s-4409F63C/ED7F0196
 create mode 100644 .Rproj.user/3026252D/sources/s-4409F63C/ED7F0196-contents
 create mode 100644 .Rproj.user/3026252D/sources/s-4409F63C/F4A391C3
 create mode 100644 .Rproj.user/3026252D/sources/s-4409F63C/F4A391C3-contents
 create mode 100644 .Rproj.user/3026252D/sources/s-4409F63C/F6901442-contents
 create mode 100644 .Rproj.user/3026252D/sources/s-4409F63C/lock_file
 create mode 100644 .Rproj.user/shared/notebooks/47B7E5-index/1/3026252D4409F63C/chunks.json
 create mode 100644 .Rproj.user/shared/notebooks/8CFBBC1A-index/1/3026252D4409F63C/chunks.json
 create mode 100644 .Rproj.user/shared/notebooks/8CFBBC1A-index/1/s/chunks.json
 create mode 100644 .Rproj.user/shared/notebooks/patch-chunk-names
 create mode 100644 .Rproj.user/shared/notebooks/paths
 create mode 100755 config.toml
 create mode 100644 content/.DS_Store
 create mode 100644 content/post/.DS_Store
 create mode 100644 content/post/2020-12-10-the-eyes-of-texas/.DS_Store
 create mode 100644 content/post/2020-12-10-the-eyes-of-texas/index.Rmd
 create mode 100644 content/post/2020-12-10-the-eyes-of-texas/index.html
 create mode 100644 content/post/2020-12-10-the-eyes-of-texas/index_files/.DS_Store
 create mode 100644 content/post/2020-12-10-the-eyes-of-texas/index_files/Eyes of Texas.jpg
 create mode 100644 content/post/2020-12-10-the-eyes-of-texas/index_files/anchor-sections/anchor-sections.css
 create mode 100644 content/post/2020-12-10-the-eyes-of-texas/index_files/anchor-sections/anchor-sections.js
 create mode 100644 content/post/2020-12-10-the-eyes-of-texas/index_files/figure-html/pie-1.png
 create mode 100644 content/post/README
 create mode 100644 content/project/.DS_Store
 create mode 100644 content/project/project1.Rmd
 create mode 100644 content/project/project2.Rmd
 create mode 100644 content/projects.Rmd
 create mode 100644 content/resume.Rmd
 create mode 100644 index.Rmd
 create mode 100644 static/.DS_Store
 create mode 100644 static/img/.DS_Store
 create mode 100644 static/img/Texas.jpg
 create mode 100644 static/img/mypic.JPG
 create mode 100644 static/img/mypic1.JPG
 create mode 100755 static/img/profile.png
 create mode 100644 static/post/.DS_Store
 create mode 100644 static/post/2020-12-10-the-eyes-of-texas/.DS_Store
 create mode 100644 static/project/.DS_Store
 create mode 100644 static/project/project1_files/.DS_Store
 create mode 100644 static/project/project1_files/figure-html/Dimensionality Reduction-1.png
 create mode 100644 static/project/project1_files/figure-html/Dimensionality Reduction-3.png
 create mode 100644 static/project/project1_files/figure-html/Dimensionality Reduction-4.png
 create mode 100644 static/project/project1_files/figure-html/Visualizations-1.png
 create mode 100644 static/project/project1_files/figure-html/Visualizations-2.png
 create mode 100644 static/project/project1_files/figure-html/Visualizations-3.png
 create mode 100644 static/project/project2_files/figure-html/Linear Regression Model-1.png
 create mode 100644 static/project/project2_files/figure-html/Linear Regression Model-2.png
 create mode 100644 static/project/project2_files/figure-html/Linear Regression Model-3.png
 create mode 100644 static/project/project2_files/figure-html/Linear Regression Model-4.png
 create mode 100644 static/project/project2_files/figure-html/Logistic Regression-1.png
 create mode 100644 static/project/project2_files/figure-html/Logistic Regression-2.png
 create mode 100644 static/project/project2_files/figure-html/MANOVA-1.png
 create mode 100644 static/project/project2_files/figure-html/Randomization Test-1.png
 create mode 100644 static/rmarkdown-libs/anchor-sections/anchor-sections.css
 create mode 100644 static/rmarkdown-libs/anchor-sections/anchor-sections.js
 create mode 100644 static/rmarkdown-libs/crosstalk/css/crosstalk.css
 create mode 100644 static/rmarkdown-libs/crosstalk/js/crosstalk.js
 create mode 100644 static/rmarkdown-libs/crosstalk/js/crosstalk.js.map
 create mode 100644 static/rmarkdown-libs/crosstalk/js/crosstalk.min.js
 create mode 100644 static/rmarkdown-libs/crosstalk/js/crosstalk.min.js.map
 create mode 100644 static/rmarkdown-libs/htmlwidgets/htmlwidgets.js
 create mode 100644 static/rmarkdown-libs/jquery/jquery-AUTHORS.txt
 create mode 100644 static/rmarkdown-libs/jquery/jquery.js
 create mode 100644 static/rmarkdown-libs/jquery/jquery.min.js
 create mode 100644 static/rmarkdown-libs/jquery/jquery.min.map
 create mode 100644 static/rmarkdown-libs/plotly-binding/plotly.js
 create mode 100644 static/rmarkdown-libs/plotly-htmlwidgets-css/plotly-htmlwidgets.css
 create mode 100644 static/rmarkdown-libs/plotly-main/plotly-latest.min.js
 create mode 100644 static/rmarkdown-libs/typedarray/typedarray.min.js
 create mode 100644 themes/.DS_Store
 create mode 100644 themes/hugo-sustain/.DS_Store
 create mode 100644 themes/hugo-sustain/LICENSE.md
 create mode 100644 themes/hugo-sustain/README.md
 create mode 100644 themes/hugo-sustain/archetypes/default.md
 create mode 100755 themes/hugo-sustain/exampleSite/config.toml
 create mode 100644 themes/hugo-sustain/exampleSite/content/post/README
 create mode 100644 themes/hugo-sustain/exampleSite/content/project/project1.Rmd
 create mode 100644 themes/hugo-sustain/exampleSite/content/project/project2.Rmd
 create mode 100644 themes/hugo-sustain/exampleSite/content/projects.Rmd
 create mode 100644 themes/hugo-sustain/exampleSite/content/resume.Rmd
 create mode 100755 themes/hugo-sustain/exampleSite/static/img/profile.png
 create mode 100644 themes/hugo-sustain/layouts/.DS_Store
 create mode 100644 themes/hugo-sustain/layouts/404.html
 create mode 100644 themes/hugo-sustain/layouts/_default/list.html
 create mode 100644 themes/hugo-sustain/layouts/_default/single.html
 create mode 100644 themes/hugo-sustain/layouts/index.html
 create mode 100755 themes/hugo-sustain/layouts/partials/disqus.html
 create mode 100644 themes/hugo-sustain/layouts/partials/footer.html
 create mode 100644 themes/hugo-sustain/layouts/partials/head.html
 create mode 100644 themes/hugo-sustain/layouts/partials/header.html
 create mode 100644 themes/hugo-sustain/layouts/partials/js.html
 create mode 100755 themes/hugo-sustain/layouts/partials/social.html
 create mode 100755 themes/hugo-sustain/static/css/main.css
 create mode 100755 themes/hugo-sustain/static/js/docs.min.js
 create mode 100755 themes/hugo-sustain/static/js/ie10-viewport-bug-workaround.js
 create mode 100755 themes/hugo-sustain/static/js/main.js
 create mode 100644 themes/hugo-sustain/theme.toml
 create mode 100644 website.Rproj
]0;~/Desktop/websiteKamils-MacBook-Pro:website kamil$ 
]0;~/Desktop/websiteKamils-MacBook-Pro:website kamil$ git remote add origin https://github.com/1KamilR/1KamilR.github.io.git
]0;~/Desktop/websiteKamils-MacBook-Pro:website kamil$ git push origin master
fatal: cannot run rpostback-askpass: No such file or directory
Username for 'https://github.com': 1KamilR
fatal: cannot run rpostback-askpass: No such file or directory
Password for 'https://1KamilR@github.com': 
Counting objects: 163, done.
Delta compression using up to 8 threads.
Compressing objects:   0% (1/140)   Compressing objects:   1% (2/140)   Compressing objects:   2% (3/140)   Compressing objects:   3% (5/140)   Compressing objects:   4% (6/140)   Compressing objects:   5% (7/140)   Compressing objects:   6% (9/140)   Compressing objects:   7% (10/140)   Compressing objects:   8% (12/140)   Compressing objects:   9% (13/140)   Compressing objects:  10% (14/140)   Compressing objects:  11% (16/140)   Compressing objects:  12% (17/140)   Compressing objects:  13% (19/140)   Compressing objects:  14% (20/140)   Compressing objects:  15% (21/140)   Compressing objects:  16% (23/140)   Compressing objects:  17% (24/140)   Compressing objects:  18% (26/140)   Compressing objects:  19% (27/140)   Compressing objects:  20% (28/140)   Compressing objects:  21% (30/140)   Compressing objects:  22% (31/140)   Compressing objects:  23% (33/140)   Compressing objects:  24% (34/140)   Compressing objects:  25% (35/140)   Compressing objects:  26% (37/140)   Compressing objects:  27% (38/140)   Compressing objects:  28% (40/140)   Compressing objects:  29% (41/140)   Compressing objects:  30% (42/140)   Compressing objects:  31% (44/140)   Compressing objects:  32% (45/140)   Compressing objects:  33% (47/140)   Compressing objects:  34% (48/140)   Compressing objects:  35% (49/140)   Compressing objects:  36% (51/140)   Compressing objects:  37% (52/140)   Compressing objects:  38% (54/140)   Compressing objects:  39% (55/140)   Compressing objects:  40% (56/140)   Compressing objects:  41% (58/140)   Compressing objects:  42% (59/140)   Compressing objects:  43% (61/140)   Compressing objects:  44% (62/140)   Compressing objects:  45% (63/140)   Compressing objects:  46% (65/140)   Compressing objects:  47% (66/140)   Compressing objects:  48% (68/140)   Compressing objects:  49% (69/140)   Compressing objects:  50% (70/140)   Compressing objects:  51% (72/140)   Compressing objects:  52% (73/140)   Compressing objects:  53% (75/140)   Compressing objects:  54% (76/140)   Compressing objects:  55% (77/140)   Compressing objects:  56% (79/140)   Compressing objects:  57% (80/140)   Compressing objects:  58% (82/140)   Compressing objects:  59% (83/140)   Compressing objects:  60% (84/140)   Compressing objects:  61% (86/140)   Compressing objects:  62% (87/140)   Compressing objects:  63% (89/140)   Compressing objects:  64% (90/140)   Compressing objects:  65% (91/140)   Compressing objects:  66% (93/140)   Compressing objects:  67% (94/140)   Compressing objects:  68% (96/140)   Compressing objects:  69% (97/140)   Compressing objects:  70% (98/140)   Compressing objects:  71% (100/140)   Compressing objects:  72% (101/140)   Compressing objects:  73% (103/140)   Compressing objects:  74% (104/140)   Compressing objects:  75% (105/140)   Compressing objects:  76% (107/140)   Compressing objects:  77% (108/140)   Compressing objects:  78% (110/140)   Compressing objects:  79% (111/140)   Compressing objects:  80% (112/140)   Compressing objects:  81% (114/140)   Compressing objects:  82% (115/140)   Compressing objects:  83% (117/140)   Compressing objects:  84% (118/140)   Compressing objects:  85% (119/140)   Compressing objects:  86% (121/140)   Compressing objects:  87% (122/140)   Compressing objects:  88% (124/140)   Compressing objects:  89% (125/140)   Compressing objects:  90% (126/140)   Compressing objects:  91% (128/140)   Compressing objects:  92% (129/140)   Compressing objects:  93% (131/140)   Compressing objects:  94% (132/140)   Compressing objects:  95% (133/140)   Compressing objects:  96% (135/140)   Compressing objects:  97% (136/140)   Compressing objects:  98% (138/140)   Compressing objects:  99% (139/140)   Compressing objects: 100% (140/140)   Compressing objects: 100% (140/140), done.
Writing objects:   0% (1/163)   Writing objects:   1% (2/163)   Writing objects:   4% (7/163)   Writing objects:   5% (9/163)   Writing objects:   6% (10/163)   Writing objects:   7% (12/163)   Writing objects:   8% (14/163)   Writing objects:   9% (15/163)   Writing objects:  10% (17/163)   Writing objects:  11% (18/163)   Writing objects:  12% (20/163)   Writing objects:  13% (22/163)   Writing objects:  14% (23/163)   Writing objects:  15% (25/163)   Writing objects:  17% (28/163)   Writing objects:  18% (30/163)   Writing objects:  19% (31/163)   Writing objects:  20% (33/163)   Writing objects:  21% (35/163)   Writing objects:  22% (37/163)   Writing objects:  23% (38/163)   Writing objects:  24% (40/163)   Writing objects:  25% (41/163)   Writing objects:  26% (43/163)   Writing objects:  27% (45/163)   Writing objects:  28% (46/163)   Writing objects:  29% (48/163)   Writing objects:  30% (49/163)   Writing objects:  31% (51/163)   Writing objects:  32% (53/163)   Writing objects:  33% (54/163)   Writing objects:  34% (56/163)   Writing objects:  35% (58/163)   Writing objects:  36% (59/163)   Writing objects:  37% (61/163)   Writing objects:  38% (62/163)   Writing objects:  39% (64/163)   Writing objects:  40% (66/163)   Writing objects:  41% (67/163)   Writing objects:  42% (69/163)   Writing objects:  43% (71/163)   Writing objects:  44% (72/163)   Writing objects:  45% (74/163)   Writing objects:  46% (75/163)   Writing objects:  47% (77/163)   Writing objects:  47% (78/163), 2.45 MiB | 1.28 MiB/s   Writing objects:  48% (79/163), 2.45 MiB | 1.28 MiB/s   Writing objects:  49% (80/163), 2.45 MiB | 1.28 MiB/s   Writing objects:  50% (82/163), 2.45 MiB | 1.28 MiB/s   Writing objects:  51% (84/163), 2.45 MiB | 1.28 MiB/s   Writing objects:  52% (85/163), 2.45 MiB | 1.28 MiB/s   Writing objects:  53% (87/163), 2.45 MiB | 1.28 MiB/s   Writing objects:  54% (89/163), 3.02 MiB | 1.24 MiB/s   Writing objects:  55% (90/163), 3.02 MiB | 1.24 MiB/s   Writing objects:  56% (92/163), 3.02 MiB | 1.24 MiB/s   Writing objects:  57% (93/163), 3.02 MiB | 1.24 MiB/s   Writing objects:  58% (95/163), 3.02 MiB | 1.24 MiB/s   Writing objects:  59% (97/163), 3.02 MiB | 1.24 MiB/s   Writing objects:  60% (98/163), 3.02 MiB | 1.24 MiB/s   Writing objects:  61% (100/163), 3.02 MiB | 1.24 MiB/s   Writing objects:  62% (102/163), 3.02 MiB | 1.24 MiB/s   Writing objects:  63% (103/163), 3.89 MiB | 1.33 MiB/s   Writing objects:  64% (105/163), 3.89 MiB | 1.33 MiB/s   Writing objects:  65% (106/163), 3.89 MiB | 1.33 MiB/s   Writing objects:  66% (108/163), 3.89 MiB | 1.33 MiB/s   Writing objects:  68% (111/163), 3.89 MiB | 1.33 MiB/s   Writing objects:  69% (113/163), 3.89 MiB | 1.33 MiB/s   Writing objects:  70% (115/163), 3.89 MiB | 1.33 MiB/s   Writing objects:  71% (116/163), 3.89 MiB | 1.33 MiB/s   Writing objects:  71% (117/163), 3.89 MiB | 1.33 MiB/s   Writing objects:  72% (118/163), 3.89 MiB | 1.33 MiB/s   Writing objects:  73% (119/163), 3.89 MiB | 1.33 MiB/s   Writing objects:  74% (121/163), 3.89 MiB | 1.33 MiB/s   Writing objects:  75% (123/163), 3.89 MiB | 1.33 MiB/s   Writing objects:  76% (124/163), 3.89 MiB | 1.33 MiB/s   Writing objects:  77% (126/163), 4.98 MiB | 1.45 MiB/s   Writing objects:  78% (128/163), 4.98 MiB | 1.45 MiB/s   Writing objects:  79% (130/163), 4.98 MiB | 1.45 MiB/s   Writing objects:  80% (131/163), 4.98 MiB | 1.45 MiB/s   Writing objects:  81% (133/163), 4.98 MiB | 1.45 MiB/s   Writing objects:  82% (134/163), 4.98 MiB | 1.45 MiB/s   Writing objects:  83% (136/163), 4.98 MiB | 1.45 MiB/s   Writing objects:  84% (137/163), 4.98 MiB | 1.45 MiB/s   Writing objects:  85% (139/163), 4.98 MiB | 1.45 MiB/s   Writing objects:  86% (141/163), 4.98 MiB | 1.45 MiB/s   Writing objects:  87% (142/163), 4.98 MiB | 1.45 MiB/s   Writing objects:  88% (145/163), 4.98 MiB | 1.45 MiB/s   Writing objects:  89% (146/163), 4.98 MiB | 1.45 MiB/s   Writing objects:  90% (147/163), 4.98 MiB | 1.45 MiB/s   Writing objects:  91% (149/163), 4.98 MiB | 1.45 MiB/s   Writing objects:  92% (150/163), 4.98 MiB | 1.45 MiB/s   Writing objects:  93% (152/163), 4.98 MiB | 1.45 MiB/s   Writing objects:  94% (154/163), 4.98 MiB | 1.45 MiB/s   Writing objects:  95% (155/163), 4.98 MiB | 1.45 MiB/s   Writing objects:  96% (157/163), 4.98 MiB | 1.45 MiB/s   Writing objects:  97% (159/163), 4.98 MiB | 1.45 MiB/s   Writing objects:  98% (160/163), 4.98 MiB | 1.45 MiB/s   Writing objects:  99% (162/163), 4.98 MiB | 1.45 MiB/s   Writing objects: 100% (163/163), 4.98 MiB | 1.45 MiB/s   Writing objects: 100% (163/163), 5.10 MiB | 1.44 MiB/s, done.
Total 163 (delta 21), reused 0 (delta 0)
remote: Resolving deltas:   0% (0/21)[Kremote: Resolving deltas:  57% (12/21)[Kremote: Resolving deltas:  76% (16/21)[Kremote: Resolving deltas:  85% (18/21)[Kremote: Resolving deltas:  90% (19/21)[Kremote: Resolving deltas: 100% (21/21)[Kremote: Resolving deltas: 100% (21/21), done.[K
To https://github.com/1KamilR/1KamilR.github.io.git
 * [new branch]      master -> master
]0;~/Desktop/websiteKamils-MacBook-Pro:website kamil$ cd ~/Desktop/website/public
bash: cd: /Users/kamil/Desktop/website/public: No such file or directory
]0;~/Desktop/websiteKamils-MacBook-Pro:website kamil$ pwd
/Users/kamil/Desktop/website
]0;~/Desktop/websiteKamils-MacBook-Pro:website kamil$ git init #initialize local git respository
Reinitialized existing Git repository in /Users/kamil/Desktop/website/.git/
]0;~/Desktop/websiteKamils-MacBook-Pro:website kamil$ 
]0;~/Desktop/websiteKamils-MacBook-Pro:website kamil$ git add . #add all files in repository to be uploaded
]0;~/Desktop/websiteKamils-MacBook-Pro:website kamil$ 
]0;~/Desktop/websiteKamils-MacBook-Pro:website kamil$ git commit -m "first website commit"
[master 92d238b] first website commit
 Committer: Kamil Riaz <kamil@Kamils-MacBook-Pro.local>
Your name and email address were configured automatically based
on your username and hostname. Please check that they are accurate.
You can suppress this message by setting them explicitly. Run the
following command and follow the instructions in your editor to edit
your configuration file:

    git config --global --edit

After doing this, you may fix the identity used for this commit with:

    git commit --amend --reset-author

 5 files changed, 182 insertions(+), 7 deletions(-)
]0;~/Desktop/websiteKamils-MacBook-Pro:website kamil$ 
]0;~/Desktop/websiteKamils-MacBook-Pro:website kamil$ git remote add origin https:??[K[K//github.com/1KamilR/![K1KamilR.github.io.git
fatal: remote origin already exists.
]0;~/Desktop/websiteKamils-MacBook-Pro:website kamil$ git push origin master
Counting objects: 13, done.
Delta compression using up to 8 threads.
Compressing objects:   7% (1/13)   Compressing objects:  15% (2/13)   Compressing objects:  23% (3/13)   Compressing objects:  30% (4/13)   Compressing objects:  38% (5/13)   Compressing objects:  46% (6/13)   Compressing objects:  53% (7/13)   Compressing objects:  61% (8/13)   Compressing objects:  69% (9/13)   Compressing objects:  76% (10/13)   Compressing objects:  84% (11/13)   Compressing objects:  92% (12/13)   Compressing objects: 100% (13/13)   Compressing objects: 100% (13/13), done.
Writing objects:   7% (1/13)   Writing objects:  15% (2/13)   Writing objects:  23% (3/13)   Writing objects:  30% (4/13)   Writing objects:  38% (5/13)   Writing objects:  46% (6/13)   Writing objects:  53% (7/13)   Writing objects:  61% (8/13)   Writing objects:  69% (9/13)   Writing objects:  76% (10/13)   Writing objects:  84% (11/13)   Writing objects:  92% (12/13)   Writing objects: 100% (13/13)   Writing objects: 100% (13/13), 4.20 KiB | 4.20 MiB/s, done.
Total 13 (delta 5), reused 0 (delta 0)
remote: Resolving deltas:   0% (0/5)[Kremote: Resolving deltas:  20% (1/5)[Kremote: Resolving deltas:  40% (2/5)[Kremote: Resolving deltas:  60% (3/5)[Kremote: Resolving deltas:  80% (4/5)[Kremote: Resolving deltas: 100% (5/5)[Kremote: Resolving deltas: 100% (5/5), completed with 5 local objects.[K
To https://github.com/1KamilR/1KamilR.github.io.git
   02b6ecd..92d238b  master -> master
]0;~/Desktop/websiteKamils-MacBook-Pro:website kamil$ git add . 
]0;~/Desktop/websiteKamils-MacBook-Pro:website kamil$ 
]0;~/Desktop/websiteKamils-MacBook-Pro:website kamil$ git commit -m "some message"
[master 8d29671] some message
 Committer: Kamil Riaz <kamil@Kamils-MacBook-Pro.local>
Your name and email address were configured automatically based
on your username and hostname. Please check that they are accurate.
You can suppress this message by setting them explicitly. Run the
following command and follow the instructions in your editor to edit
your configuration file:

    git config --global --edit

After doing this, you may fix the identity used for this commit with:

    git commit --amend --reset-author

 5 files changed, 840 insertions(+)
 create mode 100644 content/project/project1.html
 create mode 100644 content/project/project2.html
]0;~/Desktop/websiteKamils-MacBook-Pro:website kamil$ 
]0;~/Desktop/websiteKamils-MacBook-Pro:website kamil$ git push origin master 
Counting objects: 12, done.
Delta compression using up to 8 threads.
Compressing objects:   8% (1/12)   Compressing objects:  16% (2/12)   Compressing objects:  25% (3/12)   Compressing objects:  33% (4/12)   Compressing objects:  41% (5/12)   Compressing objects:  50% (6/12)   Compressing objects:  58% (7/12)   Compressing objects:  66% (8/12)   Compressing objects:  75% (9/12)   Compressing objects:  83% (10/12)   Compressing objects:  91% (11/12)   Compressing objects: 100% (12/12)   Compressing objects: 100% (12/12), done.
Writing objects:   8% (1/12)   Writing objects:  16% (2/12)   Writing objects:  25% (3/12)   Writing objects:  33% (4/12)   Writing objects:  41% (5/12)   Writing objects:  50% (6/12)   Writing objects:  58% (7/12)   Writing objects:  66% (8/12)   Writing objects:  75% (9/12)   Writing objects:  83% (10/12)   Writing objects:  91% (11/12)   Writing objects: 100% (12/12)   Writing objects: 100% (12/12), 37.35 KiB | 6.23 MiB/s, done.
Total 12 (delta 3), reused 0 (delta 0)
remote: Resolving deltas:   0% (0/3)[Kremote: Resolving deltas:  33% (1/3)[Kremote: Resolving deltas:  66% (2/3)[Kremote: Resolving deltas: 100% (3/3)[Kremote: Resolving deltas: 100% (3/3), completed with 3 local objects.[K
To https://github.com/1KamilR/1KamilR.github.io.git
   92d238b..8d29671  master -> master
]0;~/Desktop/websiteKamils-MacBook-Pro:website kamil$ 
]0;~/Desktop/websiteKamils-MacBook-Pro:website kamil$ 